// Jest Snapshot v1, https://goo.gl/fbAQLP

exports[`<MovieLayout /> should be rendered with movies 1`] = `
<div
  className="movies"
/>
`;
