// Jest Snapshot v1, https://goo.gl/fbAQLP

exports[`<SearchPageSmart /> should be rendered 1`] = `
Array [
  <div
    className="search-block"
  >
    <h1
      className="search-block__logo logo"
    >
      netfixroulette
    </h1>
    <h3
      className="search-block__title"
    >
      Find your movie
    </h3>
    <div
      className="search-input"
    >
      <input
        className="search-input__input"
        data-input="search-input__input"
        onInput={[Function]}
        onKeyDown={[Function]}
        placeholder="Game of Thrones"
        type="text"
      />
      <button
        className="search-input__btnIcon"
        onClick={[Function]}
        type="button"
      />
    </div>
    <div
      className="search-block__controll"
    >
      <div
        className="search-by search-block__search-by"
      >
        <span
          className="search-by__title"
        >
          Search by
        </span>
        <div>
          <label
            className="toggle-button"
            onClick={[Function]}
          >
            <input
              className="toggle-button__input toggle-button__input--checked"
              defaultChecked={true}
              name="search"
              type="radio"
            />
            <span
              className="toggle-button__text toggle-button__text--checked"
            >
              Title
            </span>
          </label>
          <label
            className="toggle-button"
            onClick={[Function]}
          >
            <input
              className="toggle-button__input"
              defaultChecked={false}
              name="search"
              type="radio"
            />
            <span
              className="toggle-button__text"
            >
              Genre
            </span>
          </label>
        </div>
      </div>
      <button
        className="search-block__btn-search button"
        data-button="search-page__button-search"
        onClick={[Function]}
        type="button"
      >
        Find
      </button>
    </div>
  </div>,
  <div
    className="search-page-info search-page__info"
  >
    <div
      className="search-page-info__left"
    >
      <span
        className="search-page-info__text"
      >
        0
         movies found
      </span>
    </div>
    <div
      className="search-page-info__right"
    >
      <span
        className="search-page-info__text"
      >
        Sort by
      </span>
      <div>
        <label
          className="toggle-button toggle-button--no--background"
          onClick={[Function]}
        >
          <input
            className="toggle-button__input toggle-button__input--no-background toggle-button__input--checked"
            defaultChecked={true}
            name="sort"
            type="radio"
          />
          <span
            className="toggle-button__text toggle-button__text--no--background toggle-button__text--checked toggle-button__text--no--background--checked"
          >
            Release date
          </span>
        </label>
        <label
          className="toggle-button toggle-button--no--background"
          onClick={[Function]}
        >
          <input
            className="toggle-button__input toggle-button__input--no-background"
            defaultChecked={false}
            name="sort"
            type="radio"
          />
          <span
            className="toggle-button__text toggle-button__text--no--background"
          >
            Rating
          </span>
        </label>
      </div>
    </div>
  </div>,
]
`;
