// Jest Snapshot v1, https://goo.gl/fbAQLP

exports[`<SearchToggleContainer /> 1`] = `
<div>
  <label
    className="toggle-button"
    onClick={[Function]}
  >
    <input
      className="toggle-button__input toggle-button__input--checked"
      defaultChecked="checked"
      name="search"
      type="radio"
    />
    <span
      className="toggle-button__text toggle-button__text--checked"
    >
      Release date
    </span>
  </label>
  <label
    className="toggle-button"
    onClick={[Function]}
  >
    <input
      className="toggle-button__input"
      defaultChecked={false}
      name="search"
      type="radio"
    />
    <span
      className="toggle-button__text"
    >
      Rating
    </span>
  </label>
</div>
`;

exports[`<SearchToggleContainer /> should be rendered 1`] = `
<div>
  <label
    className="toggle-button"
    onClick={[Function]}
  >
    <input
      className="toggle-button__input toggle-button__input--checked"
      defaultChecked="checked"
      name="search"
      type="radio"
    />
    <span
      className="toggle-button__text toggle-button__text--checked"
    >
      Release date
    </span>
  </label>
  <label
    className="toggle-button"
    onClick={[Function]}
  >
    <input
      className="toggle-button__input"
      defaultChecked={false}
      name="search"
      type="radio"
    />
    <span
      className="toggle-button__text"
    >
      Rating
    </span>
  </label>
</div>
`;
