// Jest Snapshot v1, https://goo.gl/fbAQLP

exports[`<SearchPage /> should be rendered with no movies 1`] = `ShallowWrapper {}`;
