// Jest Snapshot v1, https://goo.gl/fbAQLP

exports[`<SearchPageInfo /> should be rendered 1`] = `
<div
  className="search-page-info"
>
  <div
    className="search-page-info__left"
  >
    <span
      className="search-page-info__text"
    >
      3
       movies found
    </span>
  </div>
  <div
    className="search-page-info__right"
  >
    <span
      className="search-page-info__text"
    >
      Sort by
    </span>
    <div>
      <label
        className="toggle-button toggle-button--no--background"
        onClick={[Function]}
      >
        <input
          className="toggle-button__input toggle-button__input--no-background toggle-button__input--checked"
          defaultChecked={true}
          name="sort"
          type="radio"
        />
        <span
          className="toggle-button__text toggle-button__text--no--background toggle-button__text--checked toggle-button__text--no--background--checked"
        >
          Release date
        </span>
      </label>
      <label
        className="toggle-button toggle-button--no--background"
        onClick={[Function]}
      >
        <input
          className="toggle-button__input toggle-button__input--no-background"
          defaultChecked={false}
          name="sort"
          type="radio"
        />
        <span
          className="toggle-button__text toggle-button__text--no--background"
        >
          Rating
        </span>
      </label>
    </div>
  </div>
</div>
`;
