// Jest Snapshot v1, https://goo.gl/fbAQLP

exports[`<MovieCardInfo /> should be rendered with movie 1`] = `ShallowWrapper {}`;
