// Jest Snapshot v1, https://goo.gl/fbAQLP

exports[`<Logo /> should be rendered with text "this is some logo" 1`] = `
<h1
  className="logo"
>
  this is some logo
</h1>
`;
